
Allocating common symbols
Common symbol       size              file

bulk_out_ep         0x1               build/DP32/production/_ext/1472/usb.o
cdc_attached        0x1               build/DP32/production/_ext/1472/usb.o
scsi_attached_count
                    0x4               build/DP32/production/_ext/1472/usb.o
endpoints           0x180             build/DP32/production/_ext/1472/usb.o
other_attached      0x1               build/DP32/production/_ext/1472/usb.o
int_ep              0x1               build/DP32/production/_ext/1472/usb.o
cdcacm_attached     0x1               build/DP32/production/_ext/1472/usb.o
cdcacm_attached_count
                    0x4               build/DP32/production/_ext/1472/usb.o
bulk_in_ep          0x1               build/DP32/production/_ext/1472/usb.o
cdcacm_active       0x1               build/DP32/production/_ext/1472/cdcacm.o
scsi_attached       0x1               build/DP32/production/_ext/1472/usb.o

Microchip PIC32 Memory-Usage Report

kseg0 Program-Memory Usage
section                    address  length [bytes]      (dec)  Description
-------                 ----------  -------------------------  -----------
.text                   0x9fc00200          0x854        2132  App's exec code 
.dinit                  0x9fc00a54           0xa0         160   
.rodata                 0x9fc00af4           0x90         144  Read-only const 
.text                   0x9fc00b84           0x10          16  App's exec code 
.rodata                 0x9fc00b94            0xc          12  Read-only const 
      Total kseg0_program_mem used  :       0x9a0        2464  96.9% of 0x9f0

kseg0 Boot-Memory Usage
section                    address  length [bytes]      (dec)  Description
-------                 ----------  -------------------------  -----------
         Total kseg0_boot_mem used  :           0           0  

Exception-Memory Usage 
section                    address  length [bytes]      (dec)  Description
-------                 ----------  -------------------------  -----------
          Total exception_mem used  :           0           0  

kseg1 Boot-Memory Usage
section                    address  length [bytes]      (dec)  Description
-------                 ----------  -------------------------  -----------
.reset                  0xbfc00000          0x10c         268  Reset handler 
         Total kseg1_boot_mem used  :       0x10c         268  52.3% of 0x200
        --------------------------------------------------------------------------
         Total Program Memory used  :       0xaac        2732  89.4% of 0xbf0
        --------------------------------------------------------------------------


kseg1 Data-Memory Usage
section                    address  length [bytes]      (dec)  Description
-------                 ----------  -------------------------  -----------
.dbg_data               0xa0000000          0x200         512  Memory reserved for debugger exec 
.skip_ram_space         0xa0000200          0x400        1024   
.sdata                  0xa0000600           0x28          40  Small init data 
.sbss                   0xa0000628           0x92         146  Small uninit data 
.bss                    0xa00006bc          0x180         384  Uninitialized data 
.bss                    0xa000083c          0xdec        3564  Uninitialized data 
.bss                    0xa0001800          0x200         512  Uninitialized data 
         Total kseg1_data_mem used  :      0x1826        6182  37.7% of 0x4000
        --------------------------------------------------------------------------
            Total Data Memory used  :      0x1826        6182  37.7% of 0x4000
        --------------------------------------------------------------------------


Dynamic Data-Memory Reservation
section                    address  length [bytes]      (dec)  Description
-------                 ----------  -------------------------  -----------
heap                    0xa0001a08              0           0  Reserved for heap 
stack                   0xa0001a20         0x25d8        9688  Reserved for stack 

        --------------------------------------------------------------------------

Discarded input sections

 .reginfo       0x00000000       0x18 build/DP32/production/_ext/1472/main.o
 .reginfo       0x00000000       0x18 build/DP32/production/_ext/1472/crt0.o
 .reginfo       0x00000000       0x18 build/DP32/production/_ext/1472/cdcacm.o
 .reginfo       0x00000000       0x18 build/DP32/production/_ext/1472/usb.o
 .reginfo       0x00000000       0x18 c:/program files (x86)/microchip/xc32/v1.42/bin/bin/../../lib/gcc/pic32mx/4.8.3/../../../../pic32mx/lib/./proc/32MX250F128B\processor.o

Memory Configuration

Name             Origin             Length             Attributes
kseg1_boot_mem   0xbfc00000         0x00000200
kseg0_boot_mem   0x9fc00200         0x00000000
kseg0_program_mem 0x9fc00200         0x000009f0         xr
split_program_mem 0x9d01f000         0x00001000         xr
exception_mem    0x9fc00480         0x00000000
debug_exec_mem   0x9fc00490         0x00000000
config3          0xbfc00bf0         0x00000004
config2          0xbfc00bf4         0x00000004
config1          0xbfc00bf8         0x00000004
config0          0xbfc00bfc         0x00000004
kseg1_data_mem   0xa0000000         0x00004000         w !x
sfrs             0xbf800000         0x00100000
configsfrs       0xbfc00bf0         0x00000010
*default*        0x00000000         0xffffffff

Linker script and memory map

LOAD build/DP32/production/_ext/1472/main.o
LOAD build/DP32/production/_ext/1472/crt0.o
LOAD build/DP32/production/_ext/1472/cdcacm.o
LOAD build/DP32/production/_ext/1472/usb.o
                0x00000001                __MPLAB_BUILD = 0x1
                0x00000400                PROVIDE (_min_stack_size, 0x400)
                0x00000000                PROVIDE (_min_heap_size, 0x0)
LOAD c:/program files (x86)/microchip/xc32/v1.42/bin/bin/../../lib/gcc/pic32mx/4.8.3/../../../../pic32mx/lib/./proc/32MX250F128B\processor.o
                0x00000001                PROVIDE (_vector_spacing, 0x1)
                0x9fc00000                _ebase_address = 0x9fc00000
                0xbfc00000                _ebase_address = ORIGIN (kseg1_boot_mem)
                0xbfc00000                _RESET_ADDR = _ebase_address
                0x9fc00480                //_DBG_EXCPT_ADDR = ORIGIN (exception_mem)
                0x9fc00490                //_DBG_CODE_ADDR = ORIGIN (debug_exec_mem)
                0x00000600                _RAM_SKIP_SIZE = 0x600

.config_BFC00BF0
                0xbfc00bf0        0x4
 *(.config_BFC00BF0)
 .config_BFC00BF0
                0xbfc00bf0        0x4 build/DP32/production/_ext/1472/main.o

.config_BFC00BF4
                0xbfc00bf4        0x4
 *(.config_BFC00BF4)
 .config_BFC00BF4
                0xbfc00bf4        0x4 build/DP32/production/_ext/1472/main.o

.config_BFC00BF8
                0xbfc00bf8        0x4
 *(.config_BFC00BF8)
 .config_BFC00BF8
                0xbfc00bf8        0x4 build/DP32/production/_ext/1472/main.o

.config_BFC00BFC
                0xbfc00bfc        0x4
 *(.config_BFC00BFC)
 .config_BFC00BFC
                0xbfc00bfc        0x4 build/DP32/production/_ext/1472/main.o

.reset          0xbfc00000      0x10c
 *(.reset)
 .reset         0xbfc00000       0x10 build/DP32/production/_ext/1472/crt0.o
                0xbfc00000                _reset
                0xbfc00000                __pic32_software_reset
 *(.reset.startup)
 .reset.startup
                0xbfc00010       0xfc build/DP32/production/_ext/1472/crt0.o

.splittext      0x9d01f000      0x960
 *\cdcacm.o(.text)
 .text          0x9d01f000      0x2b8 build/DP32/production/_ext/1472/cdcacm.o
                0x9d01f13d                cdcacm_print
                0x9d01f22d                cdcacm_command_ack
                0x9d01f255                cdcacm_register
                0x9d01f2b5                null_reset_cbfn
 *\usb.o(.text)
 .text          0x9d01f2b8      0x6a8 build/DP32/production/_ext/1472/usb.o
                0x9d01f2b9                usb_device_enqueue
                0x9d01f34d                usb_isr
                0x9d01f7d9                usb_register
                0x9d01f7e9                usb_device_descriptor
                0x9d01f7f5                usb_configuration_descriptor
                0x9d01f801                usb_string_descriptor
                0x9d01f80d                usb_uninitialize
                0x9d01f8e1                usb_initialize

.text
 *(.stub .gnu.linkonce.t.*)
 *(EXCLUDE_FILE(usb.o cdcacm.o) .text.*personality*)
 *(.mips16.fn.*)
 *(.mips16.call.*)
 *(.gnu.warning)

.rodata         0x9fc00200        0x0
 *(.rodata.* .gnu.linkonce.r.*)
 *(.rodata1)
                0x9fc00200                . = ALIGN (0x4)

.sdata2         0x9fc00200        0x0
 *(.sdata2 .sdata2.* .gnu.linkonce.s2.*)
                0x9fc00200                . = ALIGN (0x4)

.sbss2          0x9fc00200        0x0
 *(.sbss2 .sbss2.* .gnu.linkonce.sb2.*)
                0x9fc00200                . = ALIGN (0x4)

.eh_frame_hdr
 *(.eh_frame_hdr)

.eh_frame
 *(.eh_frame)

.dbg_data       0xa0000000      0x200
                0xa0000000                _skip_ram_space_addr = .
                0xa0000200                . = (. + 0x200)
 *fill*         0xa0000000      0x200 

.skip_ram_space
                0xa0000200      0x400
                0xa0000600                . = (. + (_RAM_SKIP_SIZE - SIZEOF (.dbg_data)))
 *fill*         0xa0000200      0x400 
                0xa0000600                _skip_ram_space_end_adder = .

.eh_frame
 *(.eh_frame)
                0xa0000600                . = .
                0xa00085f0                _gp = (ALIGN (0x10) + 0x7ff0)

.got
 *(.got.plt)
 *(.got)

.sdata          0xa0000600       0x28
                0xa0000600                _sdata_begin = .
 *(.sdata .sdata.* .gnu.linkonce.s.*)
 .sdata         0xa0000600       0x20 build/DP32/production/_ext/1472/main.o
 .sdata         0xa0000620        0x8 build/DP32/production/_ext/1472/cdcacm.o
                0xa0000628                _sdata_end = .

.lit8
 *(.lit8)

.lit4
 *(.lit4)
                0xa0000628                . = ALIGN (0x4)
                0xa0000628                _data_end = .
                0xa0000628                _bss_begin = .

.sbss           0xa0000628       0x92
                0xa0000628                _sbss_begin = .
 *(.dynsbss)
 *(.sbss .sbss.* .gnu.linkonce.sb.*)
 .sbss          0xa0000628       0x3c build/DP32/production/_ext/1472/main.o
 .sbss          0xa0000664        0x8 build/DP32/production/_ext/1472/cdcacm.o
 .sbss          0xa000066c       0x38 build/DP32/production/_ext/1472/usb.o
 *(.scommon)
 .scommon       0xa00006a4        0x1 build/DP32/production/_ext/1472/cdcacm.o
                0xa00006a4                cdcacm_active
 *fill*         0xa00006a5        0x3 
 .scommon       0xa00006a8       0x12 build/DP32/production/_ext/1472/usb.o
                0xa00006a8                bulk_out_ep
                0xa00006a9                cdc_attached
                0xa00006ac                scsi_attached_count
                0xa00006b0                other_attached
                0xa00006b1                int_ep
                0xa00006b2                cdcacm_attached
                0xa00006b4                cdcacm_attached_count
                0xa00006b8                bulk_in_ep
                0xa00006b9                scsi_attached
                0xa00006ba                _sbss_end = .

.bss            0xa00006bc      0x180
 *(.dynbss)
 *(COMMON)
 COMMON         0xa00006bc      0x180 build/DP32/production/_ext/1472/usb.o
                0xa00006bc                endpoints
                0xa000083c                . = ALIGN (0x4)
                0xa000083c                . = ALIGN (0x4)
                0xa000083c                _end = .
                0xa000083c                _bss_end = .
                0x00004000                _bmxdudba_address = 0x4000
                0x00004000                _bmxdupba_address = 0x4000

/DISCARD/
 *(.pdr)
 *(.reginfo)
 *(.rel.dyn)
 *(.note.GNU-stack)
 *(.note.GNU-stack)
 *(.gnu_debuglink)
 *(.gnu.lto_*)
 *(.discard)

.stab
 *(.stab)

.stabstr
 *(.stabstr)

.stab.excl
 *(.stab.excl)

.stab.exclstr
 *(.stab.exclstr)

.stab.index
 *(.stab.index)

.stab.indexstr
 *(.stab.indexstr)

.comment        0x00000000       0x3c
 *(.comment)
 .comment       0x00000000       0x3c build/DP32/production/_ext/1472/main.o
                                 0x3d (size before relaxing)
 .comment       0x00000000       0x3d build/DP32/production/_ext/1472/cdcacm.o
 .comment       0x00000000       0x3d build/DP32/production/_ext/1472/usb.o

.debug
 *(.debug)

.line
 *(.line)

.debug_srcinfo
 *(.debug_srcinfo)

.debug_sfnames
 *(.debug_sfnames)

.debug_aranges  0x00000000       0x90
 *(.debug_aranges)
 .debug_aranges
                0x00000000       0x20 build/DP32/production/_ext/1472/main.o
 .debug_aranges
                0x00000020       0x30 build/DP32/production/_ext/1472/crt0.o
 .debug_aranges
                0x00000050       0x20 build/DP32/production/_ext/1472/cdcacm.o
 .debug_aranges
                0x00000070       0x20 build/DP32/production/_ext/1472/usb.o

.debug_pubnames
 *(.debug_pubnames)

.debug_info     0x00000000     0x35bd
 *(.debug_info .gnu.linkonce.wi.*)
 .debug_info    0x00000000     0x174c build/DP32/production/_ext/1472/main.o
 .debug_info    0x0000174c       0x69 build/DP32/production/_ext/1472/crt0.o
 .debug_info    0x000017b5      0xd07 build/DP32/production/_ext/1472/cdcacm.o
 .debug_info    0x000024bc     0x1101 build/DP32/production/_ext/1472/usb.o

.debug_abbrev   0x00000000      0xa81
 *(.debug_abbrev)
 .debug_abbrev  0x00000000      0x3df build/DP32/production/_ext/1472/main.o
 .debug_abbrev  0x000003df       0x12 build/DP32/production/_ext/1472/crt0.o
 .debug_abbrev  0x000003f1      0x32e build/DP32/production/_ext/1472/cdcacm.o
 .debug_abbrev  0x0000071f      0x362 build/DP32/production/_ext/1472/usb.o

.debug_line     0x00000000      0x6af
 *(.debug_line)
 .debug_line    0x00000000      0x27d build/DP32/production/_ext/1472/main.o
 .debug_line    0x0000027d       0xa2 build/DP32/production/_ext/1472/crt0.o
 .debug_line    0x0000031f      0x185 build/DP32/production/_ext/1472/cdcacm.o
 .debug_line    0x000004a4      0x20b build/DP32/production/_ext/1472/usb.o

.debug_frame    0x00000000      0x23c
 *(.debug_frame)
 .debug_frame   0x00000000       0xd0 build/DP32/production/_ext/1472/main.o
 .debug_frame   0x000000d0       0xb0 build/DP32/production/_ext/1472/cdcacm.o
 .debug_frame   0x00000180       0xbc build/DP32/production/_ext/1472/usb.o

.debug_str      0x00000000       0x63
 *(.debug_str)
 .debug_str     0x00000000       0x2c build/DP32/production/_ext/1472/main.o
 .debug_str     0x0000002c        0xe build/DP32/production/_ext/1472/cdcacm.o
 .debug_str     0x0000003a       0x29 build/DP32/production/_ext/1472/usb.o

.debug_loc      0x00000000     0x19ab
 *(.debug_loc)
 .debug_loc     0x00000000      0x730 build/DP32/production/_ext/1472/main.o
 .debug_loc     0x00000730      0x70b build/DP32/production/_ext/1472/cdcacm.o
 .debug_loc     0x00000e3b      0xb70 build/DP32/production/_ext/1472/usb.o

.debug_macinfo
 *(.debug_macinfo)

.debug_weaknames
 *(.debug_weaknames)

.debug_funcnames
 *(.debug_funcnames)

.debug_typenames
 *(.debug_typenames)

.debug_varnames
 *(.debug_varnames)

.debug_pubtypes
 *(.debug_pubtypes)

.debug_ranges   0x00000000       0xa0
 *(.debug_ranges)
 .debug_ranges  0x00000000       0x48 build/DP32/production/_ext/1472/main.o
 .debug_ranges  0x00000048       0x28 build/DP32/production/_ext/1472/crt0.o
 .debug_ranges  0x00000070       0x30 build/DP32/production/_ext/1472/usb.o

.gnu.attributes
 *(.gnu.attributes)
OUTPUT(dist/DP32/production/chipKIT-Bootloaders.X.production.elf elf32-tradlittlemips)
LOAD stack
LOAD data_init

.stack          0xa0001a20      0x400
 .stack         0xa0001a20      0x400 stack

.bss            0xa000083c      0xdec
 .bss           0xa000083c      0x97c build/DP32/production/_ext/1472/main.o
 .bss           0xa00011b8      0x470 build/DP32/production/_ext/1472/cdcacm.o

.bss            0xa0001800      0x200
 .bss           0xa0001800      0x200 build/DP32/production/_ext/1472/usb.o

.bss            0x00000000        0x0
 .bss           0x00000000        0x0 c:/program files (x86)/microchip/xc32/v1.42/bin/bin/../../lib/gcc/pic32mx/4.8.3/../../../../pic32mx/lib/./proc/32MX250F128B\processor.o

.data           0x00000000        0x0
 .data          0x00000000        0x0 c:/program files (x86)/microchip/xc32/v1.42/bin/bin/../../lib/gcc/pic32mx/4.8.3/../../../../pic32mx/lib/./proc/32MX250F128B\processor.o

.mdebug.abi32   0x00000000        0x0
 .mdebug.abi32  0x00000000        0x0 build/DP32/production/_ext/1472/usb.o

.data           0x00000000        0x0
 .data          0x00000000        0x0 build/DP32/production/_ext/1472/usb.o

.mdebug.abi32   0x00000000        0x0
 .mdebug.abi32  0x00000000        0x0 build/DP32/production/_ext/1472/cdcacm.o

.data           0x00000000        0x0
 .data          0x00000000        0x0 build/DP32/production/_ext/1472/cdcacm.o

.bss            0x00000000        0x0
 .bss           0x00000000        0x0 build/DP32/production/_ext/1472/crt0.o

.data           0x00000000        0x0
 .data          0x00000000        0x0 build/DP32/production/_ext/1472/crt0.o

.mdebug.abi32   0x00000000        0x0
 .mdebug.abi32  0x00000000        0x0 build/DP32/production/_ext/1472/main.o

.data           0x00000000        0x0
 .data          0x00000000        0x0 build/DP32/production/_ext/1472/main.o

.text           0x9fc00200      0x854
 .text          0x9fc00200      0x854 build/DP32/production/_ext/1472/main.o
                0x9fc00489                main
                0x9fc009a5                avrbl_state_machine

.dinit          0x9fc00a54       0xa0
 .dinit         0x9fc00a54       0xa0 data_init

.rodata         0x9fc00af4       0x90
 .rodata        0x9fc00af4       0x90 build/DP32/production/_ext/1472/cdcacm.o

.text           0x9fc00b84       0x10
 .text          0x9fc00b84       0x10 build/DP32/production/_ext/1472/crt0.o
                0x9fc00b8c                __crt0_exit

.rodata         0x9fc00b94        0xc
 .rodata        0x9fc00b94        0xc build/DP32/production/_ext/1472/main.o

.text           0x00000000        0x0
 .text          0x00000000        0x0 c:/program files (x86)/microchip/xc32/v1.42/bin/bin/../../lib/gcc/pic32mx/4.8.3/../../../../pic32mx/lib/./proc/32MX250F128B\processor.o
