
Microchip PIC32 Memory-Usage Report

kseg0 Program-Memory Usage
section                    address  length [bytes]      (dec)  Description
-------                 ----------  -------------------------  -----------
.text                   0x9fc00200          0x8dc        2268  App's exec code 
.dinit                  0x9fc00adc           0x50          80   
.text                   0x9fc00b2c           0x10          16  App's exec code 
.rodata                 0x9fc00b3c            0xc          12  Read-only const 
      Total kseg0_program_mem used  :       0x948        2376  93.4% of 0x9f0

kseg0 Boot-Memory Usage
section                    address  length [bytes]      (dec)  Description
-------                 ----------  -------------------------  -----------
         Total kseg0_boot_mem used  :           0           0  

Exception-Memory Usage 
section                    address  length [bytes]      (dec)  Description
-------                 ----------  -------------------------  -----------
          Total exception_mem used  :           0           0  

kseg1 Boot-Memory Usage
section                    address  length [bytes]      (dec)  Description
-------                 ----------  -------------------------  -----------
.reset                  0xbfc00000          0x10c         268  Reset handler 
         Total kseg1_boot_mem used  :       0x10c         268  52.3% of 0x200
        --------------------------------------------------------------------------
         Total Program Memory used  :       0xa54        2644  86.5% of 0xbf0
        --------------------------------------------------------------------------


kseg1 Data-Memory Usage
section                    address  length [bytes]      (dec)  Description
-------                 ----------  -------------------------  -----------
.dbg_data               0xa0000000          0x200         512  Memory reserved for debugger exec 
.skip_ram_space         0xa0000200          0x400        1024   
.sdata                  0xa0000600           0x1c          28  Small init data 
.sbss                   0xa000061c           0x40          64  Small uninit data 
.bss                    0xa000065c          0x920        2336  Uninitialized data 
         Total kseg1_data_mem used  :       0xf7c        3964  24.2% of 0x4000
        --------------------------------------------------------------------------
            Total Data Memory used  :       0xf7c        3964  24.2% of 0x4000
        --------------------------------------------------------------------------


Dynamic Data-Memory Reservation
section                    address  length [bytes]      (dec)  Description
-------                 ----------  -------------------------  -----------
heap                    0xa0000f80              0           0  Reserved for heap 
stack                   0xa0000f98         0x3058       12376  Reserved for stack 

        --------------------------------------------------------------------------

Discarded input sections

 .reginfo       0x00000000       0x18 build/MX1_EXAMPLE_UART/production/_ext/1472/main.o
 .reginfo       0x00000000       0x18 build/MX1_EXAMPLE_UART/production/_ext/1472/crt0.o
 .reginfo       0x00000000       0x18 c:/program files (x86)/microchip/xc32/v1.40/bin/bin/../../lib/gcc/pic32mx/4.8.3/../../../../pic32mx/lib/./proc/32MX120F032D\processor.o

Memory Configuration

Name             Origin             Length             Attributes
kseg1_boot_mem   0xbfc00000         0x00000200
kseg0_program_mem 0x9fc00200         0x000009f0         xr
kseg0_boot_mem   0x9fc00200         0x00000000
exception_mem    0x9fc00480         0x00000000
debug_exec_mem   0x9fc00490         0x00000000
config3          0xbfc00bf0         0x00000004
config2          0xbfc00bf4         0x00000004
config1          0xbfc00bf8         0x00000004
config0          0xbfc00bfc         0x00000004
kseg1_data_mem   0xa0000000         0x00004000         w !x
sfrs             0xbf800000         0x00100000
configsfrs       0xbfc00bf0         0x00000010
*default*        0x00000000         0xffffffff

Linker script and memory map

LOAD build/MX1_EXAMPLE_UART/production/_ext/1472/main.o
LOAD build/MX1_EXAMPLE_UART/production/_ext/1472/crt0.o
                0x00000001                __MPLAB_BUILD = 0x1
                0x00000400                PROVIDE (_min_stack_size, 0x400)
                0x00000000                PROVIDE (_min_heap_size, 0x0)
LOAD c:/program files (x86)/microchip/xc32/v1.40/bin/bin/../../lib/gcc/pic32mx/4.8.3/../../../../pic32mx/lib/./proc/32MX120F032D\processor.o
                0x00000001                PROVIDE (_vector_spacing, 0x1)
                0x9fc00000                _ebase_address = 0x9fc00000
                0xbfc00000                _ebase_address = ORIGIN (kseg1_boot_mem)
                0xbfc00000                _RESET_ADDR = _ebase_address
                0x9fc00480                //_DBG_EXCPT_ADDR = ORIGIN (exception_mem)
                0x9fc00490                //_DBG_CODE_ADDR = ORIGIN (debug_exec_mem)
                0x00000600                _RAM_SKIP_SIZE = 0x600

.config_BFC00BF0
                0xbfc00bf0        0x4
 *(.config_BFC00BF0)
 .config_BFC00BF0
                0xbfc00bf0        0x4 build/MX1_EXAMPLE_UART/production/_ext/1472/main.o

.config_BFC00BF4
                0xbfc00bf4        0x4
 *(.config_BFC00BF4)
 .config_BFC00BF4
                0xbfc00bf4        0x4 build/MX1_EXAMPLE_UART/production/_ext/1472/main.o

.config_BFC00BF8
                0xbfc00bf8        0x4
 *(.config_BFC00BF8)
 .config_BFC00BF8
                0xbfc00bf8        0x4 build/MX1_EXAMPLE_UART/production/_ext/1472/main.o

.config_BFC00BFC
                0xbfc00bfc        0x4
 *(.config_BFC00BFC)
 .config_BFC00BFC
                0xbfc00bfc        0x4 build/MX1_EXAMPLE_UART/production/_ext/1472/main.o

.reset          0xbfc00000      0x10c
 *(.reset)
 .reset         0xbfc00000       0x10 build/MX1_EXAMPLE_UART/production/_ext/1472/crt0.o
                0xbfc00000                _reset
                0xbfc00000                __pic32_software_reset
 *(.reset.startup)
 .reset.startup
                0xbfc00010       0xfc build/MX1_EXAMPLE_UART/production/_ext/1472/crt0.o

.text
 *(.stub .gnu.linkonce.t.*)
 *(.text.*personality*)
 *(.mips16.fn.*)
 *(.mips16.call.*)
 *(.gnu.warning)

.rodata         0x9fc00200        0x0
 *(.rodata.* .gnu.linkonce.r.*)
 *(.rodata1)
                0x9fc00200                . = ALIGN (0x4)

.sdata2         0xbfc0010c        0x0
 *(.sdata2 .sdata2.* .gnu.linkonce.s2.*)
                0xbfc0010c                . = ALIGN (0x4)

.sbss2          0xbfc0010c        0x0
 *(.sbss2 .sbss2.* .gnu.linkonce.sb2.*)
                0xbfc0010c                . = ALIGN (0x4)

.eh_frame_hdr
 *(.eh_frame_hdr)

.eh_frame
 *(.eh_frame)

.dbg_data       0xa0000000      0x200
                0xa0000000                _skip_ram_space_addr = .
                0xa0000200                . = (. + 0x200)
 *fill*         0xa0000000      0x200 

.skip_ram_space
                0xa0000200      0x400
                0xa0000600                . = (. + (_RAM_SKIP_SIZE - SIZEOF (.dbg_data)))
 *fill*         0xa0000200      0x400 
                0xa0000600                _skip_ram_space_end_adder = .

.eh_frame
 *(.eh_frame)
                0xa0000600                . = .
                0xa00085f0                _gp = (ALIGN (0x10) + 0x7ff0)

.got
 *(.got.plt)
 *(.got)

.sdata          0xa0000600       0x1c
                0xa0000600                _sdata_begin = .
 *(.sdata .sdata.* .gnu.linkonce.s.*)
 .sdata         0xa0000600       0x1c build/MX1_EXAMPLE_UART/production/_ext/1472/main.o
                0xa000061c                _sdata_end = .

.lit8
 *(.lit8)

.lit4
 *(.lit4)
                0xa000061c                . = ALIGN (0x4)
                0xa000061c                _data_end = .
                0xa000061c                _bss_begin = .

.sbss           0xa000061c       0x40
                0xa000061c                _sbss_begin = .
 *(.dynsbss)
 *(.sbss .sbss.* .gnu.linkonce.sb.*)
 .sbss          0xa000061c       0x40 build/MX1_EXAMPLE_UART/production/_ext/1472/main.o
 *(.scommon)
                0xa000065c                _sbss_end = .

.bss            0xa000065c        0x0
 *(.dynbss)
 *(COMMON)
                0xa000065c                . = ALIGN (0x4)
                0xa000065c                . = ALIGN (0x4)
                0xa000065c                _end = .
                0xa000065c                _bss_end = .
                0x00004000                _bmxdudba_address = 0x4000
                0x00004000                _bmxdupba_address = 0x4000

/DISCARD/
 *(.pdr)
 *(.reginfo)
 *(.rel.dyn)
 *(.note.GNU-stack)
 *(.note.GNU-stack)
 *(.gnu_debuglink)
 *(.gnu.lto_*)
 *(.discard)

.stab
 *(.stab)

.stabstr
 *(.stabstr)

.stab.excl
 *(.stab.excl)

.stab.exclstr
 *(.stab.exclstr)

.stab.index
 *(.stab.index)

.stab.indexstr
 *(.stab.indexstr)

.comment        0x00000000       0x3c
 *(.comment)
 .comment       0x00000000       0x3c build/MX1_EXAMPLE_UART/production/_ext/1472/main.o
                                 0x3d (size before relaxing)

.debug
 *(.debug)

.line
 *(.line)

.debug_srcinfo
 *(.debug_srcinfo)

.debug_sfnames
 *(.debug_sfnames)

.debug_aranges  0x00000000       0x50
 *(.debug_aranges)
 .debug_aranges
                0x00000000       0x20 build/MX1_EXAMPLE_UART/production/_ext/1472/main.o
 .debug_aranges
                0x00000020       0x30 build/MX1_EXAMPLE_UART/production/_ext/1472/crt0.o

.debug_pubnames
 *(.debug_pubnames)

.debug_info     0x00000000     0x18e9
 *(.debug_info .gnu.linkonce.wi.*)
 .debug_info    0x00000000     0x1887 build/MX1_EXAMPLE_UART/production/_ext/1472/main.o
 .debug_info    0x00001887       0x62 build/MX1_EXAMPLE_UART/production/_ext/1472/crt0.o

.debug_abbrev   0x00000000      0x3c4
 *(.debug_abbrev)
 .debug_abbrev  0x00000000      0x3b2 build/MX1_EXAMPLE_UART/production/_ext/1472/main.o
 .debug_abbrev  0x000003b2       0x12 build/MX1_EXAMPLE_UART/production/_ext/1472/crt0.o

.debug_line     0x00000000      0x316
 *(.debug_line)
 .debug_line    0x00000000      0x274 build/MX1_EXAMPLE_UART/production/_ext/1472/main.o
 .debug_line    0x00000274       0xa2 build/MX1_EXAMPLE_UART/production/_ext/1472/crt0.o

.debug_frame    0x00000000       0xc4
 *(.debug_frame)
 .debug_frame   0x00000000       0xc4 build/MX1_EXAMPLE_UART/production/_ext/1472/main.o

.debug_str      0x00000000       0x2c
 *(.debug_str)
 .debug_str     0x00000000       0x2c build/MX1_EXAMPLE_UART/production/_ext/1472/main.o

.debug_loc      0x00000000      0x6e2
 *(.debug_loc)
 .debug_loc     0x00000000      0x6e2 build/MX1_EXAMPLE_UART/production/_ext/1472/main.o

.debug_macinfo
 *(.debug_macinfo)

.debug_weaknames
 *(.debug_weaknames)

.debug_funcnames
 *(.debug_funcnames)

.debug_typenames
 *(.debug_typenames)

.debug_varnames
 *(.debug_varnames)

.debug_pubtypes
 *(.debug_pubtypes)

.debug_ranges   0x00000000       0x40
 *(.debug_ranges)
 .debug_ranges  0x00000000       0x18 build/MX1_EXAMPLE_UART/production/_ext/1472/main.o
 .debug_ranges  0x00000018       0x28 build/MX1_EXAMPLE_UART/production/_ext/1472/crt0.o

.gnu.attributes
 *(.gnu.attributes)
OUTPUT(dist/MX1_EXAMPLE_UART/production/chipKIT-Bootloaders.X.production.elf elf32-tradlittlemips)
LOAD stack
LOAD data_init

.stack          0xa0000f98      0x400
 .stack         0xa0000f98      0x400 stack

.bss            0xa000065c      0x920
 .bss           0xa000065c      0x920 build/MX1_EXAMPLE_UART/production/_ext/1472/main.o

.bss            0x00000000        0x0
 .bss           0x00000000        0x0 c:/program files (x86)/microchip/xc32/v1.40/bin/bin/../../lib/gcc/pic32mx/4.8.3/../../../../pic32mx/lib/./proc/32MX120F032D\processor.o

.data           0x00000000        0x0
 .data          0x00000000        0x0 c:/program files (x86)/microchip/xc32/v1.40/bin/bin/../../lib/gcc/pic32mx/4.8.3/../../../../pic32mx/lib/./proc/32MX120F032D\processor.o

.bss            0x00000000        0x0
 .bss           0x00000000        0x0 build/MX1_EXAMPLE_UART/production/_ext/1472/crt0.o

.data           0x00000000        0x0
 .data          0x00000000        0x0 build/MX1_EXAMPLE_UART/production/_ext/1472/crt0.o

.mdebug.abi32   0x00000000        0x0
 .mdebug.abi32  0x00000000        0x0 build/MX1_EXAMPLE_UART/production/_ext/1472/main.o

.data           0x00000000        0x0
 .data          0x00000000        0x0 build/MX1_EXAMPLE_UART/production/_ext/1472/main.o

.text           0x9fc00200      0x8dc
 .text          0x9fc00200      0x8dc build/MX1_EXAMPLE_UART/production/_ext/1472/main.o
                0x9fc00201                main
                0x9fc00785                avrbl_state_machine

.dinit          0x9fc00adc       0x50
 .dinit         0x9fc00adc       0x50 data_init

.text           0x9fc00b2c       0x10
 .text          0x9fc00b2c       0x10 build/MX1_EXAMPLE_UART/production/_ext/1472/crt0.o
                0x9fc00b34                __crt0_exit

.rodata         0x9fc00b3c        0xc
 .rodata        0x9fc00b3c        0xc build/MX1_EXAMPLE_UART/production/_ext/1472/main.o

.text           0x00000000        0x0
 .text          0x00000000        0x0 c:/program files (x86)/microchip/xc32/v1.40/bin/bin/../../lib/gcc/pic32mx/4.8.3/../../../../pic32mx/lib/./proc/32MX120F032D\processor.o
