
Allocating common symbols
Common symbol       size              file

scsi_attached_count
                    0x4               build/UBW32_MX795/production/_ext/1472/usb.o
bulk_out_ep         0x1               build/UBW32_MX795/production/_ext/1472/usb.o
int_ep              0x1               build/UBW32_MX795/production/_ext/1472/usb.o
other_attached      0x1               build/UBW32_MX795/production/_ext/1472/usb.o
cdcacm_attached_count
                    0x4               build/UBW32_MX795/production/_ext/1472/usb.o
cdcacm_active       0x1               build/UBW32_MX795/production/_ext/1472/cdcacm.o
scsi_attached       0x1               build/UBW32_MX795/production/_ext/1472/usb.o
cdcacm_attached     0x1               build/UBW32_MX795/production/_ext/1472/usb.o
cdc_attached        0x1               build/UBW32_MX795/production/_ext/1472/usb.o
endpoints           0x180             build/UBW32_MX795/production/_ext/1472/usb.o
bulk_in_ep          0x1               build/UBW32_MX795/production/_ext/1472/usb.o

Microchip PIC32 Memory-Usage Report

kseg0 Program-Memory Usage
section                    address  length [bytes]      (dec)  Description
-------                 ----------  -------------------------  -----------
.text                   0x9fc004b0         0x11dc        4572  App's exec code 
.dinit                  0x9fc0168c           0xa0         160   
.rodata                 0x9fc0172c           0x90         144  Read-only const 
.text                   0x9fc017bc           0x10          16  App's exec code 
.rodata                 0x9fc017cc            0xc          12  Read-only const 
      Total kseg0_program_mem used  :      0x1328        4904  70.3% of 0x1b40

kseg0 Boot-Memory Usage
section                    address  length [bytes]      (dec)  Description
-------                 ----------  -------------------------  -----------
         Total kseg0_boot_mem used  :           0           0  

Exception-Memory Usage 
section                    address  length [bytes]      (dec)  Description
-------                 ----------  -------------------------  -----------
          Total exception_mem used  :           0           0  <1% of 0x10

kseg1 Boot-Memory Usage
section                    address  length [bytes]      (dec)  Description
-------                 ----------  -------------------------  -----------
.reset                  0xbfc00000          0x10c         268  Reset handler 
         Total kseg1_boot_mem used  :       0x10c         268  29.9% of 0x380
        --------------------------------------------------------------------------
         Total Program Memory used  :      0x1434        5172  65.6% of 0x1ed0
        --------------------------------------------------------------------------


kseg1 Data-Memory Usage
section                    address  length [bytes]      (dec)  Description
-------                 ----------  -------------------------  -----------
.dbg_data               0xa0000000          0x200         512  Memory reserved for debugger exec 
.skip_ram_space         0xa0000200          0x400        1024   
.sdata                  0xa0000600           0x28          40  Small init data 
.sbss                   0xa0000628           0x90         144  Small uninit data 
.bss                    0xa00006b8          0x180         384  Uninitialized data 
.bss                    0xa0000838          0xdf0        3568  Uninitialized data 
.bss                    0xa0001800          0x200         512  Uninitialized data 
         Total kseg1_data_mem used  :      0x1828        6184  37.7% of 0x4000
        --------------------------------------------------------------------------
            Total Data Memory used  :      0x1828        6184  37.7% of 0x4000
        --------------------------------------------------------------------------


Dynamic Data-Memory Reservation
section                    address  length [bytes]      (dec)  Description
-------                 ----------  -------------------------  -----------
heap                    0xa0001a08              0           0  Reserved for heap 
stack                   0xa0001a20         0x25d8        9688  Reserved for stack 

        --------------------------------------------------------------------------

Discarded input sections

 .reginfo       0x00000000       0x18 build/UBW32_MX795/production/_ext/1472/main.o
 .reginfo       0x00000000       0x18 build/UBW32_MX795/production/_ext/1472/crt0.o
 .reginfo       0x00000000       0x18 build/UBW32_MX795/production/_ext/1472/cdcacm.o
 .reginfo       0x00000000       0x18 build/UBW32_MX795/production/_ext/1472/usb.o
 .reginfo       0x00000000       0x18 c:/program files (x86)/microchip/xc32/v1.42/bin/bin/../../lib/gcc/pic32mx/4.8.3/../../../../pic32mx/lib/./proc/32MX795F512L\processor.o

Memory Configuration

Name             Origin             Length             Attributes
kseg1_boot_mem   0xbfc00000         0x00000380
debug_vectors    0xbfc00380         0x00000110
debug_reset      0x9fc00490         0x00000020
kseg0_boot_mem   0x9fc004a0         0x00000000
kseg0_program_mem 0x9fc004b0         0x00001b40         xr
exception_mem    0xbfc01ff0         0x00000010
debug_exec_mem   0xbfc02000         0x00000ff0
config3          0xbfc02ff0         0x00000004
config2          0xbfc02ff4         0x00000004
config1          0xbfc02ff8         0x00000004
config0          0xbfc02ffc         0x00000004
kseg1_data_mem   0xa0000000         0x00004000         w !x
sfrs             0xbf800000         0x00100000
configsfrs       0xbfc02ff0         0x00000010
*default*        0x00000000         0xffffffff

Linker script and memory map

LOAD build/UBW32_MX795/production/_ext/1472/main.o
LOAD build/UBW32_MX795/production/_ext/1472/crt0.o
LOAD build/UBW32_MX795/production/_ext/1472/cdcacm.o
LOAD build/UBW32_MX795/production/_ext/1472/usb.o
                0x00000001                __MPLAB_BUILD = 0x1
                0x00000400                PROVIDE (_min_stack_size, 0x400)
                0x00000000                PROVIDE (_min_heap_size, 0x0)
LOAD c:/program files (x86)/microchip/xc32/v1.42/bin/bin/../../lib/gcc/pic32mx/4.8.3/../../../../pic32mx/lib/./proc/32MX795F512L\processor.o
                0x00000001                PROVIDE (_vector_spacing, 0x1)
                0xbfc00000                _ebase_address = ORIGIN (kseg1_boot_mem)
                0xbfc00000                _RESET_ADDR = _ebase_address
                0xbfc01ff0                _DBG_EXCPT_ADDR = ORIGIN (exception_mem)
                0xbfc02000                _DBG_CODE_ADDR = ORIGIN (debug_exec_mem)
                0x00000600                _RAM_SKIP_SIZE = 0x600

.config_BFC02FF0
                0xbfc02ff0        0x4
 *(.config_BFC02FF0)
 .config_BFC02FF0
                0xbfc02ff0        0x4 build/UBW32_MX795/production/_ext/1472/main.o

.config_BFC02FF4
                0xbfc02ff4        0x4
 *(.config_BFC02FF4)
 .config_BFC02FF4
                0xbfc02ff4        0x4 build/UBW32_MX795/production/_ext/1472/main.o

.config_BFC02FF8
                0xbfc02ff8        0x4
 *(.config_BFC02FF8)
 .config_BFC02FF8
                0xbfc02ff8        0x4 build/UBW32_MX795/production/_ext/1472/main.o

.config_BFC02FFC
                0xbfc02ffc        0x4
 *(.config_BFC02FFC)
 .config_BFC02FFC
                0xbfc02ffc        0x4 build/UBW32_MX795/production/_ext/1472/main.o

.reset          0xbfc00000      0x10c
 *(.reset)
 .reset         0xbfc00000       0x10 build/UBW32_MX795/production/_ext/1472/crt0.o
                0xbfc00000                __pic32_software_reset
                0xbfc00000                _reset
 *(.reset.startup)
 .reset.startup
                0xbfc00010       0xfc build/UBW32_MX795/production/_ext/1472/crt0.o

.text
 *(.stub .gnu.linkonce.t.*)
 *(.text.*personality*)
 *(.mips16.fn.*)
 *(.mips16.call.*)
 *(.gnu.warning)

.rodata         0x9fc004b0        0x0
 *(.rodata.* .gnu.linkonce.r.*)
 *(.rodata1)
                0x9fc004b0                . = ALIGN (0x4)

.sdata2         0xbfc0010c        0x0
 *(.sdata2 .sdata2.* .gnu.linkonce.s2.*)
                0xbfc0010c                . = ALIGN (0x4)

.sbss2          0xbfc0010c        0x0
 *(.sbss2 .sbss2.* .gnu.linkonce.sb2.*)
                0xbfc0010c                . = ALIGN (0x4)

.eh_frame_hdr
 *(.eh_frame_hdr)

.eh_frame
 *(.eh_frame)

.dbg_data       0xa0000000      0x200
                0xa0000000                _skip_ram_space_addr = .
                0xa0000200                . = (. + 0x200)
 *fill*         0xa0000000      0x200 

.skip_ram_space
                0xa0000200      0x400
                0xa0000600                . = (. + (_RAM_SKIP_SIZE - SIZEOF (.dbg_data)))
 *fill*         0xa0000200      0x400 
                0xa0000600                _skip_ram_space_end_adder = .

.eh_frame
 *(.eh_frame)
                0xa0000600                . = .
                0xa00085f0                _gp = (ALIGN (0x10) + 0x7ff0)

.got
 *(.got.plt)
 *(.got)

.sdata          0xa0000600       0x28
                0xa0000600                _sdata_begin = .
 *(.sdata .sdata.* .gnu.linkonce.s.*)
 .sdata         0xa0000600       0x20 build/UBW32_MX795/production/_ext/1472/main.o
 .sdata         0xa0000620        0x8 build/UBW32_MX795/production/_ext/1472/cdcacm.o
                0xa0000628                _sdata_end = .

.lit8
 *(.lit8)

.lit4
 *(.lit4)
                0xa0000628                . = ALIGN (0x4)
                0xa0000628                _data_end = .
                0xa0000628                _bss_begin = .

.sbss           0xa0000628       0x90
                0xa0000628                _sbss_begin = .
 *(.dynsbss)
 *(.sbss .sbss.* .gnu.linkonce.sb.*)
 .sbss          0xa0000628       0x3c build/UBW32_MX795/production/_ext/1472/main.o
 .sbss          0xa0000664        0x8 build/UBW32_MX795/production/_ext/1472/cdcacm.o
 .sbss          0xa000066c       0x38 build/UBW32_MX795/production/_ext/1472/usb.o
 *(.scommon)
 .scommon       0xa00006a4        0x1 build/UBW32_MX795/production/_ext/1472/cdcacm.o
                0xa00006a4                cdcacm_active
 *fill*         0xa00006a5        0x3 
 .scommon       0xa00006a8       0x10 build/UBW32_MX795/production/_ext/1472/usb.o
                0xa00006a8                scsi_attached_count
                0xa00006ac                bulk_out_ep
                0xa00006ad                int_ep
                0xa00006ae                other_attached
                0xa00006b0                cdcacm_attached_count
                0xa00006b4                scsi_attached
                0xa00006b5                cdcacm_attached
                0xa00006b6                cdc_attached
                0xa00006b7                bulk_in_ep
                0xa00006b8                _sbss_end = .

.bss            0xa00006b8      0x180
 *(.dynbss)
 *(COMMON)
 COMMON         0xa00006b8      0x180 build/UBW32_MX795/production/_ext/1472/usb.o
                0xa00006b8                endpoints
                0xa0000838                . = ALIGN (0x4)
                0xa0000838                . = ALIGN (0x4)
                0xa0000838                _end = .
                0xa0000838                _bss_end = .
                0x00004000                _bmxdudba_address = 0x4000
                0x00004000                _bmxdupba_address = 0x4000

/DISCARD/
 *(.pdr)
 *(.reginfo)
 *(.rel.dyn)
 *(.note.GNU-stack)
 *(.note.GNU-stack)
 *(.gnu_debuglink)
 *(.gnu.lto_*)
 *(.discard)

.stab
 *(.stab)

.stabstr
 *(.stabstr)

.stab.excl
 *(.stab.excl)

.stab.exclstr
 *(.stab.exclstr)

.stab.index
 *(.stab.index)

.stab.indexstr
 *(.stab.indexstr)

.comment        0x00000000       0x3c
 *(.comment)
 .comment       0x00000000       0x3c build/UBW32_MX795/production/_ext/1472/main.o
                                 0x3d (size before relaxing)
 .comment       0x00000000       0x3d build/UBW32_MX795/production/_ext/1472/cdcacm.o
 .comment       0x00000000       0x3d build/UBW32_MX795/production/_ext/1472/usb.o

.debug
 *(.debug)

.line
 *(.line)

.debug_srcinfo
 *(.debug_srcinfo)

.debug_sfnames
 *(.debug_sfnames)

.debug_aranges  0x00000000       0x90
 *(.debug_aranges)
 .debug_aranges
                0x00000000       0x20 build/UBW32_MX795/production/_ext/1472/main.o
 .debug_aranges
                0x00000020       0x30 build/UBW32_MX795/production/_ext/1472/crt0.o
 .debug_aranges
                0x00000050       0x20 build/UBW32_MX795/production/_ext/1472/cdcacm.o
 .debug_aranges
                0x00000070       0x20 build/UBW32_MX795/production/_ext/1472/usb.o

.debug_pubnames
 *(.debug_pubnames)

.debug_info     0x00000000     0x3369
 *(.debug_info .gnu.linkonce.wi.*)
 .debug_info    0x00000000     0x1650 build/UBW32_MX795/production/_ext/1472/main.o
 .debug_info    0x00001650       0x69 build/UBW32_MX795/production/_ext/1472/crt0.o
 .debug_info    0x000016b9      0xc5b build/UBW32_MX795/production/_ext/1472/cdcacm.o
 .debug_info    0x00002314     0x1055 build/UBW32_MX795/production/_ext/1472/usb.o

.debug_abbrev   0x00000000      0xa81
 *(.debug_abbrev)
 .debug_abbrev  0x00000000      0x3df build/UBW32_MX795/production/_ext/1472/main.o
 .debug_abbrev  0x000003df       0x12 build/UBW32_MX795/production/_ext/1472/crt0.o
 .debug_abbrev  0x000003f1      0x32e build/UBW32_MX795/production/_ext/1472/cdcacm.o
 .debug_abbrev  0x0000071f      0x362 build/UBW32_MX795/production/_ext/1472/usb.o

.debug_line     0x00000000      0x6b1
 *(.debug_line)
 .debug_line    0x00000000      0x27f build/UBW32_MX795/production/_ext/1472/main.o
 .debug_line    0x0000027f       0xa2 build/UBW32_MX795/production/_ext/1472/crt0.o
 .debug_line    0x00000321      0x185 build/UBW32_MX795/production/_ext/1472/cdcacm.o
 .debug_line    0x000004a6      0x20b build/UBW32_MX795/production/_ext/1472/usb.o

.debug_frame    0x00000000      0x23c
 *(.debug_frame)
 .debug_frame   0x00000000       0xd0 build/UBW32_MX795/production/_ext/1472/main.o
 .debug_frame   0x000000d0       0xb0 build/UBW32_MX795/production/_ext/1472/cdcacm.o
 .debug_frame   0x00000180       0xbc build/UBW32_MX795/production/_ext/1472/usb.o

.debug_str      0x00000000       0x63
 *(.debug_str)
 .debug_str     0x00000000       0x2c build/UBW32_MX795/production/_ext/1472/main.o
 .debug_str     0x0000002c        0xe build/UBW32_MX795/production/_ext/1472/cdcacm.o
 .debug_str     0x0000003a       0x29 build/UBW32_MX795/production/_ext/1472/usb.o

.debug_loc      0x00000000     0x19b3
 *(.debug_loc)
 .debug_loc     0x00000000      0x738 build/UBW32_MX795/production/_ext/1472/main.o
 .debug_loc     0x00000738      0x70b build/UBW32_MX795/production/_ext/1472/cdcacm.o
 .debug_loc     0x00000e43      0xb70 build/UBW32_MX795/production/_ext/1472/usb.o

.debug_macinfo
 *(.debug_macinfo)

.debug_weaknames
 *(.debug_weaknames)

.debug_funcnames
 *(.debug_funcnames)

.debug_typenames
 *(.debug_typenames)

.debug_varnames
 *(.debug_varnames)

.debug_pubtypes
 *(.debug_pubtypes)

.debug_ranges   0x00000000       0xa0
 *(.debug_ranges)
 .debug_ranges  0x00000000       0x48 build/UBW32_MX795/production/_ext/1472/main.o
 .debug_ranges  0x00000048       0x28 build/UBW32_MX795/production/_ext/1472/crt0.o
 .debug_ranges  0x00000070       0x30 build/UBW32_MX795/production/_ext/1472/usb.o

.gnu.attributes
 *(.gnu.attributes)
OUTPUT(dist/UBW32_MX795/production/chipKIT-Bootloaders.X.production.elf elf32-tradlittlemips)
LOAD stack
LOAD data_init

.stack          0xa0001a20      0x400
 .stack         0xa0001a20      0x400 stack

.bss            0xa0000838      0xdf0
 .bss           0xa0000838      0x980 build/UBW32_MX795/production/_ext/1472/main.o
 .bss           0xa00011b8      0x470 build/UBW32_MX795/production/_ext/1472/cdcacm.o

.bss            0xa0001800      0x200
 .bss           0xa0001800      0x200 build/UBW32_MX795/production/_ext/1472/usb.o

.bss            0x00000000        0x0
 .bss           0x00000000        0x0 c:/program files (x86)/microchip/xc32/v1.42/bin/bin/../../lib/gcc/pic32mx/4.8.3/../../../../pic32mx/lib/./proc/32MX795F512L\processor.o

.data           0x00000000        0x0
 .data          0x00000000        0x0 c:/program files (x86)/microchip/xc32/v1.42/bin/bin/../../lib/gcc/pic32mx/4.8.3/../../../../pic32mx/lib/./proc/32MX795F512L\processor.o

.mdebug.abi32   0x00000000        0x0
 .mdebug.abi32  0x00000000        0x0 build/UBW32_MX795/production/_ext/1472/usb.o

.data           0x00000000        0x0
 .data          0x00000000        0x0 build/UBW32_MX795/production/_ext/1472/usb.o

.mdebug.abi32   0x00000000        0x0
 .mdebug.abi32  0x00000000        0x0 build/UBW32_MX795/production/_ext/1472/cdcacm.o

.data           0x00000000        0x0
 .data          0x00000000        0x0 build/UBW32_MX795/production/_ext/1472/cdcacm.o

.bss            0x00000000        0x0
 .bss           0x00000000        0x0 build/UBW32_MX795/production/_ext/1472/crt0.o

.data           0x00000000        0x0
 .data          0x00000000        0x0 build/UBW32_MX795/production/_ext/1472/crt0.o

.mdebug.abi32   0x00000000        0x0
 .mdebug.abi32  0x00000000        0x0 build/UBW32_MX795/production/_ext/1472/main.o

.data           0x00000000        0x0
 .data          0x00000000        0x0 build/UBW32_MX795/production/_ext/1472/main.o

.text           0x9fc004b0     0x11dc
 .text          0x9fc004b0      0x87c build/UBW32_MX795/production/_ext/1472/main.o
                0x9fc00775                main
                0x9fc00c7d                avrbl_state_machine
 .text          0x9fc00d2c      0x6a8 build/UBW32_MX795/production/_ext/1472/usb.o
                0x9fc00d2d                usb_device_enqueue
                0x9fc00dc1                usb_isr
                0x9fc0124d                usb_register
                0x9fc0125d                usb_device_descriptor
                0x9fc01269                usb_configuration_descriptor
                0x9fc01275                usb_string_descriptor
                0x9fc01281                usb_uninitialize
                0x9fc01355                usb_initialize
 .text          0x9fc013d4      0x2b8 build/UBW32_MX795/production/_ext/1472/cdcacm.o
                0x9fc01511                cdcacm_print
                0x9fc01601                cdcacm_command_ack
                0x9fc01629                cdcacm_register
                0x9fc01689                null_reset_cbfn

.dinit          0x9fc0168c       0xa0
 .dinit         0x9fc0168c       0xa0 data_init

.rodata         0x9fc0172c       0x90
 .rodata        0x9fc0172c       0x90 build/UBW32_MX795/production/_ext/1472/cdcacm.o

.text           0x9fc017bc       0x10
 .text          0x9fc017bc       0x10 build/UBW32_MX795/production/_ext/1472/crt0.o
                0x9fc017c4                __crt0_exit

.rodata         0x9fc017cc        0xc
 .rodata        0x9fc017cc        0xc build/UBW32_MX795/production/_ext/1472/main.o

.text           0x00000000        0x0
 .text          0x00000000        0x0 c:/program files (x86)/microchip/xc32/v1.42/bin/bin/../../lib/gcc/pic32mx/4.8.3/../../../../pic32mx/lib/./proc/32MX795F512L\processor.o
