
Microchip PIC32 Memory-Usage Report

kseg0 Program-Memory Usage
section                    address  length [bytes]      (dec)  Description
-------                 ----------  -------------------------  -----------
.text                   0x9fc004b0          0x8f4        2292  App's exec code 
.dinit                  0x9fc00da4           0x50          80   
.text                   0x9fc00df4           0x10          16  App's exec code 
.rodata                 0x9fc00e04            0xc          12  Read-only const 
      Total kseg0_program_mem used  :       0x960        2400  34.4% of 0x1b40

kseg0 Boot-Memory Usage
section                    address  length [bytes]      (dec)  Description
-------                 ----------  -------------------------  -----------
         Total kseg0_boot_mem used  :           0           0  

Exception-Memory Usage 
section                    address  length [bytes]      (dec)  Description
-------                 ----------  -------------------------  -----------
          Total exception_mem used  :           0           0  <1% of 0x10

kseg1 Boot-Memory Usage
section                    address  length [bytes]      (dec)  Description
-------                 ----------  -------------------------  -----------
.reset                  0xbfc00000          0x10c         268  Reset handler 
         Total kseg1_boot_mem used  :       0x10c         268  29.9% of 0x380
        --------------------------------------------------------------------------
         Total Program Memory used  :       0xa6c        2668  33.8% of 0x1ed0
        --------------------------------------------------------------------------


kseg1 Data-Memory Usage
section                    address  length [bytes]      (dec)  Description
-------                 ----------  -------------------------  -----------
.dbg_data               0xa0000000          0x200         512  Memory reserved for debugger exec 
.skip_ram_space         0xa0000200          0x400        1024   
.sdata                  0xa0000600           0x20          32  Small init data 
.sbss                   0xa0000620           0x3c          60  Small uninit data 
.bss                    0xa000065c          0x980        2432  Uninitialized data 
         Total kseg1_data_mem used  :       0xfdc        4060  24.8% of 0x4000
        --------------------------------------------------------------------------
            Total Data Memory used  :       0xfdc        4060  24.8% of 0x4000
        --------------------------------------------------------------------------


Dynamic Data-Memory Reservation
section                    address  length [bytes]      (dec)  Description
-------                 ----------  -------------------------  -----------
heap                    0xa0000fe0              0           0  Reserved for heap 
stack                   0xa0000ff8         0x2ff8       12280  Reserved for stack 

        --------------------------------------------------------------------------

Discarded input sections

 .reginfo       0x00000000       0x18 build/MX7cK/production/_ext/1472/main.o
 .reginfo       0x00000000       0x18 build/MX7cK/production/_ext/1472/crt0.o
 .reginfo       0x00000000       0x18 c:/program files (x86)/microchip/xc32/v1.42/bin/bin/../../lib/gcc/pic32mx/4.8.3/../../../../pic32mx/lib/./proc/32MX795F512L\processor.o

Memory Configuration

Name             Origin             Length             Attributes
kseg1_boot_mem   0xbfc00000         0x00000380
debug_vectors    0xbfc00380         0x00000110
debug_reset      0x9fc00490         0x00000020
kseg0_boot_mem   0x9fc004a0         0x00000000
kseg0_program_mem 0x9fc004b0         0x00001b40         xr
exception_mem    0xbfc01ff0         0x00000010
debug_exec_mem   0xbfc02000         0x00000ff0
config3          0xbfc02ff0         0x00000004
config2          0xbfc02ff4         0x00000004
config1          0xbfc02ff8         0x00000004
config0          0xbfc02ffc         0x00000004
kseg1_data_mem   0xa0000000         0x00004000         w !x
sfrs             0xbf800000         0x00100000
configsfrs       0xbfc02ff0         0x00000010
*default*        0x00000000         0xffffffff

Linker script and memory map

LOAD build/MX7cK/production/_ext/1472/main.o
LOAD build/MX7cK/production/_ext/1472/crt0.o
                0x00000001                __MPLAB_BUILD = 0x1
                0x00000400                PROVIDE (_min_stack_size, 0x400)
                0x00000000                PROVIDE (_min_heap_size, 0x0)
LOAD c:/program files (x86)/microchip/xc32/v1.42/bin/bin/../../lib/gcc/pic32mx/4.8.3/../../../../pic32mx/lib/./proc/32MX795F512L\processor.o
                0x00000001                PROVIDE (_vector_spacing, 0x1)
                0xbfc00000                _ebase_address = ORIGIN (kseg1_boot_mem)
                0xbfc00000                _RESET_ADDR = _ebase_address
                0xbfc01ff0                _DBG_EXCPT_ADDR = ORIGIN (exception_mem)
                0xbfc02000                _DBG_CODE_ADDR = ORIGIN (debug_exec_mem)
                0x00000600                _RAM_SKIP_SIZE = 0x600

.config_BFC02FF0
                0xbfc02ff0        0x4
 *(.config_BFC02FF0)
 .config_BFC02FF0
                0xbfc02ff0        0x4 build/MX7cK/production/_ext/1472/main.o

.config_BFC02FF4
                0xbfc02ff4        0x4
 *(.config_BFC02FF4)
 .config_BFC02FF4
                0xbfc02ff4        0x4 build/MX7cK/production/_ext/1472/main.o

.config_BFC02FF8
                0xbfc02ff8        0x4
 *(.config_BFC02FF8)
 .config_BFC02FF8
                0xbfc02ff8        0x4 build/MX7cK/production/_ext/1472/main.o

.config_BFC02FFC
                0xbfc02ffc        0x4
 *(.config_BFC02FFC)
 .config_BFC02FFC
                0xbfc02ffc        0x4 build/MX7cK/production/_ext/1472/main.o

.reset          0xbfc00000      0x10c
 *(.reset)
 .reset         0xbfc00000       0x10 build/MX7cK/production/_ext/1472/crt0.o
                0xbfc00000                __pic32_software_reset
                0xbfc00000                _reset
 *(.reset.startup)
 .reset.startup
                0xbfc00010       0xfc build/MX7cK/production/_ext/1472/crt0.o

.text
 *(.stub .gnu.linkonce.t.*)
 *(.text.*personality*)
 *(.mips16.fn.*)
 *(.mips16.call.*)
 *(.gnu.warning)

.rodata         0x9fc004b0        0x0
 *(.rodata.* .gnu.linkonce.r.*)
 *(.rodata1)
                0x9fc004b0                . = ALIGN (0x4)

.sdata2         0xbfc0010c        0x0
 *(.sdata2 .sdata2.* .gnu.linkonce.s2.*)
                0xbfc0010c                . = ALIGN (0x4)

.sbss2          0xbfc0010c        0x0
 *(.sbss2 .sbss2.* .gnu.linkonce.sb2.*)
                0xbfc0010c                . = ALIGN (0x4)

.eh_frame_hdr
 *(.eh_frame_hdr)

.eh_frame
 *(.eh_frame)

.dbg_data       0xa0000000      0x200
                0xa0000000                _skip_ram_space_addr = .
                0xa0000200                . = (. + 0x200)
 *fill*         0xa0000000      0x200 

.skip_ram_space
                0xa0000200      0x400
                0xa0000600                . = (. + (_RAM_SKIP_SIZE - SIZEOF (.dbg_data)))
 *fill*         0xa0000200      0x400 
                0xa0000600                _skip_ram_space_end_adder = .

.eh_frame
 *(.eh_frame)
                0xa0000600                . = .
                0xa00085f0                _gp = (ALIGN (0x10) + 0x7ff0)

.got
 *(.got.plt)
 *(.got)

.sdata          0xa0000600       0x20
                0xa0000600                _sdata_begin = .
 *(.sdata .sdata.* .gnu.linkonce.s.*)
 .sdata         0xa0000600       0x20 build/MX7cK/production/_ext/1472/main.o
                0xa0000620                _sdata_end = .

.lit8
 *(.lit8)

.lit4
 *(.lit4)
                0xa0000620                . = ALIGN (0x4)
                0xa0000620                _data_end = .
                0xa0000620                _bss_begin = .

.sbss           0xa0000620       0x3c
                0xa0000620                _sbss_begin = .
 *(.dynsbss)
 *(.sbss .sbss.* .gnu.linkonce.sb.*)
 .sbss          0xa0000620       0x3c build/MX7cK/production/_ext/1472/main.o
 *(.scommon)
                0xa000065c                _sbss_end = .

.bss            0xa000065c        0x0
 *(.dynbss)
 *(COMMON)
                0xa000065c                . = ALIGN (0x4)
                0xa000065c                . = ALIGN (0x4)
                0xa000065c                _end = .
                0xa000065c                _bss_end = .
                0x00004000                _bmxdudba_address = 0x4000
                0x00004000                _bmxdupba_address = 0x4000

/DISCARD/
 *(.pdr)
 *(.reginfo)
 *(.rel.dyn)
 *(.note.GNU-stack)
 *(.note.GNU-stack)
 *(.gnu_debuglink)
 *(.gnu.lto_*)
 *(.discard)

.stab
 *(.stab)

.stabstr
 *(.stabstr)

.stab.excl
 *(.stab.excl)

.stab.exclstr
 *(.stab.exclstr)

.stab.index
 *(.stab.index)

.stab.indexstr
 *(.stab.indexstr)

.comment        0x00000000       0x3c
 *(.comment)
 .comment       0x00000000       0x3c build/MX7cK/production/_ext/1472/main.o
                                 0x3d (size before relaxing)

.debug
 *(.debug)

.line
 *(.line)

.debug_srcinfo
 *(.debug_srcinfo)

.debug_sfnames
 *(.debug_sfnames)

.debug_aranges  0x00000000       0x50
 *(.debug_aranges)
 .debug_aranges
                0x00000000       0x20 build/MX7cK/production/_ext/1472/main.o
 .debug_aranges
                0x00000020       0x30 build/MX7cK/production/_ext/1472/crt0.o

.debug_pubnames
 *(.debug_pubnames)

.debug_info     0x00000000     0x1771
 *(.debug_info .gnu.linkonce.wi.*)
 .debug_info    0x00000000     0x1708 build/MX7cK/production/_ext/1472/main.o
 .debug_info    0x00001708       0x69 build/MX7cK/production/_ext/1472/crt0.o

.debug_abbrev   0x00000000      0x3bb
 *(.debug_abbrev)
 .debug_abbrev  0x00000000      0x3a9 build/MX7cK/production/_ext/1472/main.o
 .debug_abbrev  0x000003a9       0x12 build/MX7cK/production/_ext/1472/crt0.o

.debug_line     0x00000000      0x31c
 *(.debug_line)
 .debug_line    0x00000000      0x27a build/MX7cK/production/_ext/1472/main.o
 .debug_line    0x0000027a       0xa2 build/MX7cK/production/_ext/1472/crt0.o

.debug_frame    0x00000000       0xac
 *(.debug_frame)
 .debug_frame   0x00000000       0xac build/MX7cK/production/_ext/1472/main.o

.debug_str      0x00000000       0x2c
 *(.debug_str)
 .debug_str     0x00000000       0x2c build/MX7cK/production/_ext/1472/main.o

.debug_loc      0x00000000      0x728
 *(.debug_loc)
 .debug_loc     0x00000000      0x728 build/MX7cK/production/_ext/1472/main.o

.debug_macinfo
 *(.debug_macinfo)

.debug_weaknames
 *(.debug_weaknames)

.debug_funcnames
 *(.debug_funcnames)

.debug_typenames
 *(.debug_typenames)

.debug_varnames
 *(.debug_varnames)

.debug_pubtypes
 *(.debug_pubtypes)

.debug_ranges   0x00000000       0x40
 *(.debug_ranges)
 .debug_ranges  0x00000000       0x18 build/MX7cK/production/_ext/1472/main.o
 .debug_ranges  0x00000018       0x28 build/MX7cK/production/_ext/1472/crt0.o

.gnu.attributes
 *(.gnu.attributes)
OUTPUT(dist/MX7cK/production/chipKIT-Bootloaders.X.production.elf elf32-tradlittlemips)
LOAD stack
LOAD data_init

.stack          0xa0000ff8      0x400
 .stack         0xa0000ff8      0x400 stack

.bss            0xa000065c      0x980
 .bss           0xa000065c      0x980 build/MX7cK/production/_ext/1472/main.o

.bss            0x00000000        0x0
 .bss           0x00000000        0x0 c:/program files (x86)/microchip/xc32/v1.42/bin/bin/../../lib/gcc/pic32mx/4.8.3/../../../../pic32mx/lib/./proc/32MX795F512L\processor.o

.data           0x00000000        0x0
 .data          0x00000000        0x0 c:/program files (x86)/microchip/xc32/v1.42/bin/bin/../../lib/gcc/pic32mx/4.8.3/../../../../pic32mx/lib/./proc/32MX795F512L\processor.o

.bss            0x00000000        0x0
 .bss           0x00000000        0x0 build/MX7cK/production/_ext/1472/crt0.o

.data           0x00000000        0x0
 .data          0x00000000        0x0 build/MX7cK/production/_ext/1472/crt0.o

.mdebug.abi32   0x00000000        0x0
 .mdebug.abi32  0x00000000        0x0 build/MX7cK/production/_ext/1472/main.o

.data           0x00000000        0x0
 .data          0x00000000        0x0 build/MX7cK/production/_ext/1472/main.o

.text           0x9fc004b0      0x8f4
 .text          0x9fc004b0      0x8f4 build/MX7cK/production/_ext/1472/main.o
                0x9fc006bd                avrbl_state_machine
                0x9fc0076d                main

.dinit          0x9fc00da4       0x50
 .dinit         0x9fc00da4       0x50 data_init

.text           0x9fc00df4       0x10
 .text          0x9fc00df4       0x10 build/MX7cK/production/_ext/1472/crt0.o
                0x9fc00dfc                __crt0_exit

.rodata         0x9fc00e04        0xc
 .rodata        0x9fc00e04        0xc build/MX7cK/production/_ext/1472/main.o

.text           0x00000000        0x0
 .text          0x00000000        0x0 c:/program files (x86)/microchip/xc32/v1.42/bin/bin/../../lib/gcc/pic32mx/4.8.3/../../../../pic32mx/lib/./proc/32MX795F512L\processor.o
